> Task :app:preBuild UP-TO-DATE
> Task :app:preDebugBuild UP-TO-DATE
> Task :app:mergeDebugNativeDebugMetadata NO-SOURCE
> Task :app:javaPreCompileDebug UP-TO-DATE
> Task :app:checkDebugAarMetadata UP-TO-DATE
> Task :app:generateDebugResValues UP-TO-DATE
> Task :app:mapDebugSourceSetPaths UP-TO-DATE
> Task :app:generateDebugResources UP-TO-DATE
> Task :app:mergeDebugResources UP-TO-DATE
> Task :app:packageDebugResources UP-TO-DATE
> Task :app:parseDebugLocalResources UP-TO-DATE
> Task :app:createDebugCompatibleScreenManifests UP-TO-DATE
> Task :app:extractDeepLinksDebug UP-TO-DATE
> Task :app:processDebugMainManifest UP-TO-DATE
> Task :app:processDebugManifest UP-TO-DATE
> Task :app:processDebugManifestForPackage UP-TO-DATE
> Task :app:processDebugResources UP-TO-DATE

> Task :app:compileDebugJavaWithJavac FAILED
Java compiler version 21 has deprecated support for compiling with source/target version 8.
Try one of the following options:
    1. [Recommended] Use Java toolchain with a lower language version
    2. Set a higher source/target version
    3. Use a lower version of the JDK running the build (if you're not using Java toolchain)
For more details on how to configure these settings, see https://developer.android.com/build/jdks.
To suppress this warning, set android.javaCompile.suppressSourceTargetDeprecationWarning=true in gradle.properties.
./gradlew : warning: [options] source value 8 is obsolete and will be removed 
in a future release
En línea: 1 Carácter: 118
+ ... (final)\android_multiplicando" ; ./gradlew assembleDebug 2>&1 | Tee-O ...
+                                      ~~~~~~~~~~~~~~~~~~~~~~~~~~~~
    + CategoryInfo          : NotSpecified: (warning: [optio... future release 
   :String) [], RemoteException
    + FullyQualifiedErrorId : NativeCommandError
 
warning: [options] target value 8 is obsolete and will be removed in a future 
release
warning: [options] To suppress warnings about obsolete options, use 
-Xlint:-options.
C:\Users\pplmo\Documents\PROYECTO_ANDROID_2026\REFERENCIA\android_multiplicando
 (final)\android_multiplicando\app\src\main\java\com\example\multiplicando\data
base\DBHelper.java:5: error: cannot find symbol
import android.database.sqlite.SQLiteOpen;
                              ^
  symbol:   class SQLiteOpen
  location: package android.database.sqlite
C:\Users\pplmo\Documents\PROYECTO_ANDROID_2026\REFERENCIA\android_multiplicando
 (final)\android_multiplicando\app\src\main\java\com\example\multiplicando\data
base\DBHelper.java:11: error: cannot find symbol
public class DBHelper extends SQLiteOpen {
                              ^
  symbol: class SQLiteOpen
C:\Users\pplmo\Documents\PROYECTO_ANDROID_2026\REFERENCIA\android_multiplicando
 (final)\android_multiplicando\app\src\main\java\com\example\multiplicando\data
base\DBHelper.java:59: error: method does not override or implement a method 
from a supertype
    @Override
    ^
C:\Users\pplmo\Documents\PROYECTO_ANDROID_2026\REFERENCIA\android_multiplicando
 (final)\android_multiplicando\app\src\main\java\com\example\multiplicando\data
base\DBHelper.java:71: error: method does not override or implement a method 
from a supertype
    @Override
    ^
C:\Users\pplmo\Documents\PROYECTO_ANDROID_2026\REFERENCIA\android_multiplicando
 (final)\android_multiplicando\app\src\main\java\com\example\multiplicando\ui\a
dmin\AdminActivity.java:79: error: cannot find symbol
        android.database.sqlite.SQLiteDatabase db = 
dbHelper.getReadableDatabase();
                                                            ^
  symbol:   method getReadableDatabase()
  location: variable dbHelper of type DBHelper
C:\Users\pplmo\Documents\PROYECTO_ANDROID_2026\REFERENCIA\android_multiplicando
 (final)\android_multiplicando\app\src\main\java\com\example\multiplicando\ui\a
dmin\AdminActivity.java:118: error: cannot find symbol
                android.database.sqlite.SQLiteDatabase db = 
dbHelper.getWritableDatabase();
                                                                    ^
  symbol:   method getWritableDatabase()
  location: variable dbHelper of type DBHelper
C:\Users\pplmo\Documents\PROYECTO_ANDROID_2026\REFERENCIA\android_multiplicando
 (final)\android_multiplicando\app\src\main\java\com\example\multiplicando\ui\a
dmin\AdminActivity.java:140: error: cannot find symbol
        android.database.sqlite.SQLiteDatabase db = 
dbHelper.getReadableDatabase();
                                                            ^
  symbol:   method getReadableDatabase()
  location: variable dbHelper of type DBHelper
C:\Users\pplmo\Documents\PROYECTO_ANDROID_2026\REFERENCIA\android_multiplicando
 (final)\android_multiplicando\app\src\main\java\com\example\multiplicando\ui\a
uth\LoginActivity.java:82: error: cannot find symbol
        SQLiteDatabase db = dbHelper.getReadableDatabase();
                                    ^
  symbol:   method getReadableDatabase()
  location: variable dbHelper of type DBHelper
C:\Users\pplmo\Documents\PROYECTO_ANDROID_2026\REFERENCIA\android_multiplicando
 (final)\android_multiplicando\app\src\main\java\com\example\multiplicando\ui\a
uth\RegistroActivity.java:92: error: cannot find symbol
        SQLiteDatabase db = dbHelper.getWritableDatabase();
                                    ^
  symbol:   method getWritableDatabase()
  location: variable dbHelper of type DBHelper
C:\Users\pplmo\Documents\PROYECTO_ANDROID_2026\REFERENCIA\android_multiplicando
 (final)\android_multiplicando\app\src\main\java\com\example\multiplicando\ui\e
jercicios\FigurasActivity.java:159: error: cannot find symbol
            android.database.sqlite.SQLiteDatabase db = 
dbHelper.getWritableDatabase();
                                                                ^
  symbol:   method getWritableDatabase()
  location: variable dbHelper of type DBHelper
C:\Users\pplmo\Documents\PROYECTO_ANDROID_2026\REFERENCIA\android_multiplicando
 (final)\android_multiplicando\app\src\main\java\com\example\multiplicando\ui\e
jercicios\HistorialActivity.java:48: error: cannot find symbol
        SQLiteDatabase db = dbHelper.getReadableDatabase();
                                    ^
  symbol:   method getReadableDatabase()
  location: variable dbHelper of type DBHelper
C:\Users\pplmo\Documents\PROYECTO_ANDROID_2026\REFERENCIA\android_multiplicando
 (final)\android_multiplicando\app\src\main\java\com\example\multiplicando\ui\e
jercicios\LogicaActivity.java:152: error: cannot find symbol
            android.database.sqlite.SQLiteDatabase db = 
dbHelper.getWritableDatabase();
                                                                ^
  symbol:   method getWritableDatabase()
  location: variable dbHelper of type DBHelper
C:\Users\pplmo\Documents\PROYECTO_ANDROID_2026\REFERENCIA\android_multiplicando
 (final)\android_multiplicando\app\src\main\java\com\example\multiplicando\ui\e
jercicios\MemoriaActivity.java:189: error: cannot find symbol
            android.database.sqlite.SQLiteDatabase db = 
dbHelper.getWritableDatabase();
                                                                ^
  symbol:   method getWritableDatabase()
  location: variable dbHelper of type DBHelper
C:\Users\pplmo\Documents\PROYECTO_ANDROID_2026\REFERENCIA\android_multiplicando
 (final)\android_multiplicando\app\src\main\java\com\example\multiplicando\ui\e
jercicios\MultiplicarActivity.java:215: error: cannot find symbol
            android.database.sqlite.SQLiteDatabase db = 
dbHelper.getWritableDatabase();
                                                                ^
  symbol:   method getWritableDatabase()
  location: variable dbHelper of type DBHelper
C:\Users\pplmo\Documents\PROYECTO_ANDROID_2026\REFERENCIA\android_multiplicando
 (final)\android_multiplicando\app\src\main\java\com\example\multiplicando\ui\e
jercicios\SumarActivity.java:155: error: cannot find symbol
            android.database.sqlite.SQLiteDatabase db = 
dbHelper.getWritableDatabase();
                                                                ^
  symbol:   method getWritableDatabase()
  location: variable dbHelper of type DBHelper
Note: Some input files use or override a deprecated API.
Note: Recompile with -Xlint:deprecation for details.
15 errors
3 warnings

FAILURE: Build failed with an exception.

* What went wrong:
Execution failed for task ':app:compileDebugJavaWithJavac'.
> Compilation failed; see the compiler error output for details.

* Try:
> Run with --info option to get more log output.
> Run with --scan to get full insights.

BUILD FAILED in 2s
15 actionable tasks: 1 executed, 14 up-to-date
